Archive member included to satisfy reference by file (symbol)

/usr/lib/gcc/avr/5.4.0/../../../avr/lib/avr6/libprintf_flt.a(vfprintf_flt.o)
                              (vfprintf)
/usr/lib/gcc/avr/5.4.0/avr6/libgcc.a(_exit.o)
                              /usr/lib/gcc/avr/5.4.0/../../../avr/lib/avr6/crtatmega2560.o (exit)
/usr/lib/gcc/avr/5.4.0/avr6/libgcc.a(_copy_data.o)
                              float.o (__do_copy_data)
/usr/lib/gcc/avr/5.4.0/../../../avr/lib/avr6/libc.a(ftoa_engine.o)
                              /usr/lib/gcc/avr/5.4.0/../../../avr/lib/avr6/libprintf_flt.a(vfprintf_flt.o) (__ftoa_engine)
/usr/lib/gcc/avr/5.4.0/../../../avr/lib/avr6/libc.a(strnlen_P.o)
                              /usr/lib/gcc/avr/5.4.0/../../../avr/lib/avr6/libprintf_flt.a(vfprintf_flt.o) (strnlen_P)
/usr/lib/gcc/avr/5.4.0/../../../avr/lib/avr6/libc.a(strnlen.o)
                              /usr/lib/gcc/avr/5.4.0/../../../avr/lib/avr6/libprintf_flt.a(vfprintf_flt.o) (strnlen)
/usr/lib/gcc/avr/5.4.0/../../../avr/lib/avr6/libc.a(fputc.o)
                              /usr/lib/gcc/avr/5.4.0/../../../avr/lib/avr6/libprintf_flt.a(vfprintf_flt.o) (fputc)
/usr/lib/gcc/avr/5.4.0/../../../avr/lib/avr6/libc.a(sprintf.o)
                              float.o (sprintf)
/usr/lib/gcc/avr/5.4.0/../../../avr/lib/avr6/libc.a(ultoa_invert.o)
                              /usr/lib/gcc/avr/5.4.0/../../../avr/lib/avr6/libprintf_flt.a(vfprintf_flt.o) (__ultoa_invert)

Memory Configuration

Name             Origin             Length             Attributes
text             0x0000000000000000 0x0000000000100000 xr
data             0x0000000000800200 0x000000000000fe00 rw !x
eeprom           0x0000000000810000 0x0000000000010000 rw !x
fuse             0x0000000000820000 0x0000000000000003 rw !x
lock             0x0000000000830000 0x0000000000000400 rw !x
signature        0x0000000000840000 0x0000000000000400 rw !x
user_signatures  0x0000000000850000 0x0000000000000400 rw !x
*default*        0x0000000000000000 0xffffffffffffffff

Linker script and memory map

Address of section .data set to 0x800200
LOAD /usr/lib/gcc/avr/5.4.0/../../../avr/lib/avr6/crtatmega2560.o
LOAD /usr/lib/gcc/avr/5.4.0/../../../avr/lib/avr6/libprintf_flt.a
LOAD float.o
START GROUP
LOAD /usr/lib/gcc/avr/5.4.0/avr6/libgcc.a
LOAD /usr/lib/gcc/avr/5.4.0/../../../avr/lib/avr6/libm.a
LOAD /usr/lib/gcc/avr/5.4.0/../../../avr/lib/avr6/libc.a
LOAD /usr/lib/gcc/avr/5.4.0/../../../avr/lib/avr6/libatmega2560.a
END GROUP
                0x0000000000100000                __TEXT_REGION_LENGTH__ = DEFINED (__TEXT_REGION_LENGTH__)?__TEXT_REGION_LENGTH__:0x100000
                0x000000000000fe00                __DATA_REGION_LENGTH__ = DEFINED (__DATA_REGION_LENGTH__)?__DATA_REGION_LENGTH__:0xfe00
                0x0000000000010000                __EEPROM_REGION_LENGTH__ = DEFINED (__EEPROM_REGION_LENGTH__)?__EEPROM_REGION_LENGTH__:0x10000
                [0x0000000000000003]                __FUSE_REGION_LENGTH__ = DEFINED (__FUSE_REGION_LENGTH__)?__FUSE_REGION_LENGTH__:0x400
                0x0000000000000400                __LOCK_REGION_LENGTH__ = DEFINED (__LOCK_REGION_LENGTH__)?__LOCK_REGION_LENGTH__:0x400
                0x0000000000000400                __SIGNATURE_REGION_LENGTH__ = DEFINED (__SIGNATURE_REGION_LENGTH__)?__SIGNATURE_REGION_LENGTH__:0x400
                0x0000000000000400                __USER_SIGNATURE_REGION_LENGTH__ = DEFINED (__USER_SIGNATURE_REGION_LENGTH__)?__USER_SIGNATURE_REGION_LENGTH__:0x400

.hash
 *(.hash)

.dynsym
 *(.dynsym)

.dynstr
 *(.dynstr)

.gnu.version
 *(.gnu.version)

.gnu.version_d
 *(.gnu.version_d)

.gnu.version_r
 *(.gnu.version_r)

.rel.init
 *(.rel.init)

.rela.init
 *(.rela.init)

.rel.text
 *(.rel.text)
 *(.rel.text.*)
 *(.rel.gnu.linkonce.t*)

.rela.text
 *(.rela.text)
 *(.rela.text.*)
 *(.rela.gnu.linkonce.t*)

.rel.fini
 *(.rel.fini)

.rela.fini
 *(.rela.fini)

.rel.rodata
 *(.rel.rodata)
 *(.rel.rodata.*)
 *(.rel.gnu.linkonce.r*)

.rela.rodata
 *(.rela.rodata)
 *(.rela.rodata.*)
 *(.rela.gnu.linkonce.r*)

.rel.data
 *(.rel.data)
 *(.rel.data.*)
 *(.rel.gnu.linkonce.d*)

.rela.data
 *(.rela.data)
 *(.rela.data.*)
 *(.rela.gnu.linkonce.d*)

.rel.ctors
 *(.rel.ctors)

.rela.ctors
 *(.rela.ctors)

.rel.dtors
 *(.rel.dtors)

.rela.dtors
 *(.rela.dtors)

.rel.got
 *(.rel.got)

.rela.got
 *(.rela.got)

.rel.bss
 *(.rel.bss)

.rela.bss
 *(.rela.bss)

.rel.plt
 *(.rel.plt)

.rela.plt
 *(.rela.plt)

.text           0x0000000000000000      0xd7e
 *(.vectors)
 .vectors       0x0000000000000000       0xe4 /usr/lib/gcc/avr/5.4.0/../../../avr/lib/avr6/crtatmega2560.o
                0x0000000000000000                __vectors
                0x0000000000000000                __vector_default
 *(.vectors)
 *(.progmem.gcc*)
                0x00000000000000e4                . = ALIGN (0x2)
                0x00000000000000e4                __trampolines_start = .
 *(.trampolines)
 .trampolines   0x00000000000000e4        0x0 linker stubs
 *(.trampolines*)
                0x00000000000000e4                __trampolines_end = .
 *libprintf_flt.a:*(.progmem.data)
 .progmem.data  0x00000000000000e4        0x8 /usr/lib/gcc/avr/5.4.0/../../../avr/lib/avr6/libprintf_flt.a(vfprintf_flt.o)
 *libc.a:*(.progmem.data)
 .progmem.data  0x00000000000000ec       0xfa /usr/lib/gcc/avr/5.4.0/../../../avr/lib/avr6/libc.a(ftoa_engine.o)
 *(.progmem*)
                0x00000000000001e6                . = ALIGN (0x2)
 *(.jumptables)
 *(.jumptables*)
 *(.lowtext)
 *(.lowtext*)
                0x00000000000001e6                __ctors_start = .
 *(.ctors)
                0x00000000000001e6                __ctors_end = .
                0x00000000000001e6                __dtors_start = .
 *(.dtors)
                0x00000000000001e6                __dtors_end = .
 SORT(*)(.ctors)
 SORT(*)(.dtors)
 *(.init0)
 .init0         0x00000000000001e6        0x0 /usr/lib/gcc/avr/5.4.0/../../../avr/lib/avr6/crtatmega2560.o
                0x00000000000001e6                __init
 *(.init0)
 *(.init1)
 *(.init1)
 *(.init2)
 .init2         0x00000000000001e6       0x10 /usr/lib/gcc/avr/5.4.0/../../../avr/lib/avr6/crtatmega2560.o
 *(.init2)
 *(.init3)
 *(.init3)
 *(.init4)
 .init4         0x00000000000001f6       0x1a /usr/lib/gcc/avr/5.4.0/avr6/libgcc.a(_copy_data.o)
                0x00000000000001f6                __do_copy_data
 *(.init4)
 *(.init5)
 *(.init5)
 *(.init6)
 *(.init6)
 *(.init7)
 *(.init7)
 *(.init8)
 *(.init8)
 *(.init9)
 .init9         0x0000000000000210        0x8 /usr/lib/gcc/avr/5.4.0/../../../avr/lib/avr6/crtatmega2560.o
 *(.init9)
 *(.text)
 .text          0x0000000000000218        0x4 /usr/lib/gcc/avr/5.4.0/../../../avr/lib/avr6/crtatmega2560.o
                0x0000000000000218                __vector_38
                0x0000000000000218                __vector_22
                0x0000000000000218                __vector_28
                0x0000000000000218                __vector_1
                0x0000000000000218                __vector_32
                0x0000000000000218                __vector_34
                0x0000000000000218                __vector_24
                0x0000000000000218                __vector_12
                0x0000000000000218                __vector_55
                0x0000000000000218                __vector_46
                0x0000000000000218                __bad_interrupt
                0x0000000000000218                __vector_6
                0x0000000000000218                __vector_31
                0x0000000000000218                __vector_35
                0x0000000000000218                __vector_39
                0x0000000000000218                __vector_3
                0x0000000000000218                __vector_23
                0x0000000000000218                __vector_30
                0x0000000000000218                __vector_45
                0x0000000000000218                __vector_25
                0x0000000000000218                __vector_11
                0x0000000000000218                __vector_54
                0x0000000000000218                __vector_13
                0x0000000000000218                __vector_17
                0x0000000000000218                __vector_19
                0x0000000000000218                __vector_56
                0x0000000000000218                __vector_7
                0x0000000000000218                __vector_49
                0x0000000000000218                __vector_41
                0x0000000000000218                __vector_43
                0x0000000000000218                __vector_27
                0x0000000000000218                __vector_5
                0x0000000000000218                __vector_33
                0x0000000000000218                __vector_47
                0x0000000000000218                __vector_52
                0x0000000000000218                __vector_37
                0x0000000000000218                __vector_4
                0x0000000000000218                __vector_44
                0x0000000000000218                __vector_51
                0x0000000000000218                __vector_9
                0x0000000000000218                __vector_2
                0x0000000000000218                __vector_21
                0x0000000000000218                __vector_15
                0x0000000000000218                __vector_36
                0x0000000000000218                __vector_29
                0x0000000000000218                __vector_40
                0x0000000000000218                __vector_8
                0x0000000000000218                __vector_26
                0x0000000000000218                __vector_48
                0x0000000000000218                __vector_14
                0x0000000000000218                __vector_53
                0x0000000000000218                __vector_10
                0x0000000000000218                __vector_50
                0x0000000000000218                __vector_16
                0x0000000000000218                __vector_18
                0x0000000000000218                __vector_20
                0x0000000000000218                __vector_42
 .text          0x000000000000021c        0x0 /usr/lib/gcc/avr/5.4.0/../../../avr/lib/avr6/libprintf_flt.a(vfprintf_flt.o)
 .text          0x000000000000021c       0x26 float.o
                0x000000000000021c                uart_write_char
                0x000000000000022a                uart_write_str
 .text          0x0000000000000242        0x0 /usr/lib/gcc/avr/5.4.0/avr6/libgcc.a(_exit.o)
 .text          0x0000000000000242        0x0 /usr/lib/gcc/avr/5.4.0/avr6/libgcc.a(_copy_data.o)
 .text          0x0000000000000242        0x0 /usr/lib/gcc/avr/5.4.0/../../../avr/lib/avr6/libc.a(ftoa_engine.o)
 .text          0x0000000000000242        0x0 /usr/lib/gcc/avr/5.4.0/../../../avr/lib/avr6/libc.a(strnlen_P.o)
 .text          0x0000000000000242        0x0 /usr/lib/gcc/avr/5.4.0/../../../avr/lib/avr6/libc.a(strnlen.o)
 .text          0x0000000000000242        0x0 /usr/lib/gcc/avr/5.4.0/../../../avr/lib/avr6/libc.a(fputc.o)
 .text          0x0000000000000242        0x0 /usr/lib/gcc/avr/5.4.0/../../../avr/lib/avr6/libc.a(sprintf.o)
 .text          0x0000000000000242        0x0 /usr/lib/gcc/avr/5.4.0/../../../avr/lib/avr6/libc.a(ultoa_invert.o)
                0x0000000000000242                . = ALIGN (0x2)
 *(.text.*)
 .text.avr-libc
                0x0000000000000242      0x74c /usr/lib/gcc/avr/5.4.0/../../../avr/lib/avr6/libprintf_flt.a(vfprintf_flt.o)
                0x0000000000000242                vfprintf
 .text.startup  0x000000000000098e       0x7e float.o
                0x000000000000098e                main
 .text.libgcc.mul
                0x0000000000000a0c        0x0 /usr/lib/gcc/avr/5.4.0/avr6/libgcc.a(_exit.o)
 .text.libgcc.div
                0x0000000000000a0c        0x0 /usr/lib/gcc/avr/5.4.0/avr6/libgcc.a(_exit.o)
 .text.libgcc   0x0000000000000a0c        0x0 /usr/lib/gcc/avr/5.4.0/avr6/libgcc.a(_exit.o)
 .text.libgcc.prologue
                0x0000000000000a0c        0x0 /usr/lib/gcc/avr/5.4.0/avr6/libgcc.a(_exit.o)
 .text.libgcc.builtins
                0x0000000000000a0c        0x0 /usr/lib/gcc/avr/5.4.0/avr6/libgcc.a(_exit.o)
 .text.libgcc.fmul
                0x0000000000000a0c        0x0 /usr/lib/gcc/avr/5.4.0/avr6/libgcc.a(_exit.o)
 .text.libgcc.fixed
                0x0000000000000a0c        0x0 /usr/lib/gcc/avr/5.4.0/avr6/libgcc.a(_exit.o)
 .text.libgcc.mul
                0x0000000000000a0c        0x0 /usr/lib/gcc/avr/5.4.0/avr6/libgcc.a(_copy_data.o)
 .text.libgcc.div
                0x0000000000000a0c        0x0 /usr/lib/gcc/avr/5.4.0/avr6/libgcc.a(_copy_data.o)
 .text.libgcc   0x0000000000000a0c        0x0 /usr/lib/gcc/avr/5.4.0/avr6/libgcc.a(_copy_data.o)
 .text.libgcc.prologue
                0x0000000000000a0c        0x0 /usr/lib/gcc/avr/5.4.0/avr6/libgcc.a(_copy_data.o)
 .text.libgcc.builtins
                0x0000000000000a0c        0x0 /usr/lib/gcc/avr/5.4.0/avr6/libgcc.a(_copy_data.o)
 .text.libgcc.fmul
                0x0000000000000a0c        0x0 /usr/lib/gcc/avr/5.4.0/avr6/libgcc.a(_copy_data.o)
 .text.libgcc.fixed
                0x0000000000000a0c        0x0 /usr/lib/gcc/avr/5.4.0/avr6/libgcc.a(_copy_data.o)
 .text.avr-libc
                0x0000000000000a0c      0x1b0 /usr/lib/gcc/avr/5.4.0/../../../avr/lib/avr6/libc.a(ftoa_engine.o)
                0x0000000000000a0c                __ftoa_engine
 .text.avr-libc
                0x0000000000000bbc       0x16 /usr/lib/gcc/avr/5.4.0/../../../avr/lib/avr6/libc.a(strnlen_P.o)
                0x0000000000000bbc                strnlen_P
 .text.avr-libc
                0x0000000000000bd2       0x16 /usr/lib/gcc/avr/5.4.0/../../../avr/lib/avr6/libc.a(strnlen.o)
                0x0000000000000bd2                strnlen
 .text.avr-libc
                0x0000000000000be8       0x78 /usr/lib/gcc/avr/5.4.0/../../../avr/lib/avr6/libc.a(fputc.o)
                0x0000000000000be8                fputc
 .text.avr-libc
                0x0000000000000c60       0x5e /usr/lib/gcc/avr/5.4.0/../../../avr/lib/avr6/libc.a(sprintf.o)
                0x0000000000000c60                sprintf
 .text.avr-libc
                0x0000000000000cbe       0xbc /usr/lib/gcc/avr/5.4.0/../../../avr/lib/avr6/libc.a(ultoa_invert.o)
                0x0000000000000cbe                __ultoa_invert
                0x0000000000000d7a                . = ALIGN (0x2)
 *(.fini9)
 .fini9         0x0000000000000d7a        0x0 /usr/lib/gcc/avr/5.4.0/avr6/libgcc.a(_exit.o)
                0x0000000000000d7a                exit
                0x0000000000000d7a                _exit
 *(.fini9)
 *(.fini8)
 *(.fini8)
 *(.fini7)
 *(.fini7)
 *(.fini6)
 *(.fini6)
 *(.fini5)
 *(.fini5)
 *(.fini4)
 *(.fini4)
 *(.fini3)
 *(.fini3)
 *(.fini2)
 *(.fini2)
 *(.fini1)
 *(.fini1)
 *(.fini0)
 .fini0         0x0000000000000d7a        0x4 /usr/lib/gcc/avr/5.4.0/avr6/libgcc.a(_exit.o)
 *(.fini0)
                0x0000000000000d7e                _etext = .

.data           0x0000000000800200       0x1a load address 0x0000000000000d7e
                0x0000000000800200                PROVIDE (__data_start, .)
 *(.data)
 .data          0x0000000000800200        0x0 /usr/lib/gcc/avr/5.4.0/../../../avr/lib/avr6/crtatmega2560.o
 .data          0x0000000000800200        0x0 /usr/lib/gcc/avr/5.4.0/../../../avr/lib/avr6/libprintf_flt.a(vfprintf_flt.o)
 .data          0x0000000000800200        0x0 float.o
 .data          0x0000000000800200        0x0 /usr/lib/gcc/avr/5.4.0/avr6/libgcc.a(_exit.o)
 .data          0x0000000000800200        0x0 /usr/lib/gcc/avr/5.4.0/avr6/libgcc.a(_copy_data.o)
 .data          0x0000000000800200        0x0 /usr/lib/gcc/avr/5.4.0/../../../avr/lib/avr6/libc.a(ftoa_engine.o)
 .data          0x0000000000800200        0x0 /usr/lib/gcc/avr/5.4.0/../../../avr/lib/avr6/libc.a(strnlen_P.o)
 .data          0x0000000000800200        0x0 /usr/lib/gcc/avr/5.4.0/../../../avr/lib/avr6/libc.a(strnlen.o)
 .data          0x0000000000800200        0x0 /usr/lib/gcc/avr/5.4.0/../../../avr/lib/avr6/libc.a(fputc.o)
 .data          0x0000000000800200        0x0 /usr/lib/gcc/avr/5.4.0/../../../avr/lib/avr6/libc.a(sprintf.o)
 .data          0x0000000000800200        0x0 /usr/lib/gcc/avr/5.4.0/../../../avr/lib/avr6/libc.a(ultoa_invert.o)
 *(.data*)
 *(.rodata)
 *(.rodata*)
 .rodata.str1.1
                0x0000000000800200       0x1a float.o
                                         0x1d (size before relaxing)
 *(.gnu.linkonce.d*)
                0x000000000080021a                . = ALIGN (0x2)
                0x000000000080021a                _edata = .
                0x000000000080021a                PROVIDE (__data_end, .)

.bss            0x000000000080021a        0x0
                [!provide]                        PROVIDE (__bss_start, .)
 *(.bss)
 .bss           0x000000000080021a        0x0 /usr/lib/gcc/avr/5.4.0/../../../avr/lib/avr6/crtatmega2560.o
 .bss           0x000000000080021a        0x0 /usr/lib/gcc/avr/5.4.0/../../../avr/lib/avr6/libprintf_flt.a(vfprintf_flt.o)
 .bss           0x000000000080021a        0x0 float.o
 .bss           0x000000000080021a        0x0 /usr/lib/gcc/avr/5.4.0/avr6/libgcc.a(_exit.o)
 .bss           0x000000000080021a        0x0 /usr/lib/gcc/avr/5.4.0/avr6/libgcc.a(_copy_data.o)
 .bss           0x000000000080021a        0x0 /usr/lib/gcc/avr/5.4.0/../../../avr/lib/avr6/libc.a(ftoa_engine.o)
 .bss           0x000000000080021a        0x0 /usr/lib/gcc/avr/5.4.0/../../../avr/lib/avr6/libc.a(strnlen_P.o)
 .bss           0x000000000080021a        0x0 /usr/lib/gcc/avr/5.4.0/../../../avr/lib/avr6/libc.a(strnlen.o)
 .bss           0x000000000080021a        0x0 /usr/lib/gcc/avr/5.4.0/../../../avr/lib/avr6/libc.a(fputc.o)
 .bss           0x000000000080021a        0x0 /usr/lib/gcc/avr/5.4.0/../../../avr/lib/avr6/libc.a(sprintf.o)
 .bss           0x000000000080021a        0x0 /usr/lib/gcc/avr/5.4.0/../../../avr/lib/avr6/libc.a(ultoa_invert.o)
 *(.bss*)
 *(COMMON)
                [!provide]                        PROVIDE (__bss_end, .)
                0x0000000000000d7e                __data_load_start = LOADADDR (.data)
                0x0000000000000d98                __data_load_end = (__data_load_start + SIZEOF (.data))

.noinit         0x000000000080021a        0x0
                [!provide]                        PROVIDE (__noinit_start, .)
 *(.noinit*)
                [!provide]                        PROVIDE (__noinit_end, .)
                0x000000000080021a                _end = .
                [!provide]                        PROVIDE (__heap_start, .)

.eeprom         0x0000000000810000        0x0
 *(.eeprom*)
                0x0000000000810000                __eeprom_end = .

.fuse
 *(.fuse)
 *(.lfuse)
 *(.hfuse)
 *(.efuse)

.lock
 *(.lock*)

.signature
 *(.signature*)

.user_signatures
 *(.user_signatures*)

.stab
 *(.stab)

.stabstr
 *(.stabstr)

.stab.excl
 *(.stab.excl)

.stab.exclstr
 *(.stab.exclstr)

.stab.index
 *(.stab.index)

.stab.indexstr
 *(.stab.indexstr)

.comment        0x0000000000000000       0x11
 *(.comment)
 .comment       0x0000000000000000       0x11 /usr/lib/gcc/avr/5.4.0/../../../avr/lib/avr6/libprintf_flt.a(vfprintf_flt.o)
                                         0x12 (size before relaxing)
 .comment       0x0000000000000011       0x12 float.o
 .comment       0x0000000000000011       0x12 /usr/lib/gcc/avr/5.4.0/../../../avr/lib/avr6/libc.a(fputc.o)
 .comment       0x0000000000000011       0x12 /usr/lib/gcc/avr/5.4.0/../../../avr/lib/avr6/libc.a(sprintf.o)

.note.gnu.avr.deviceinfo
                0x0000000000000000       0x40
 .note.gnu.avr.deviceinfo
                0x0000000000000000       0x40 /usr/lib/gcc/avr/5.4.0/../../../avr/lib/avr6/crtatmega2560.o

.note.gnu.build-id
 *(.note.gnu.build-id)

.debug
 *(.debug)

.line
 *(.line)

.debug_srcinfo
 *(.debug_srcinfo)

.debug_sfnames
 *(.debug_sfnames)

.debug_aranges
 *(.debug_aranges)

.debug_pubnames
 *(.debug_pubnames)

.debug_info     0x0000000000000000      0xbbc
 *(.debug_info .gnu.linkonce.wi.*)
 .debug_info    0x0000000000000000      0xbbc /usr/lib/gcc/avr/5.4.0/../../../avr/lib/avr6/crtatmega2560.o

.debug_abbrev   0x0000000000000000      0xb1a
 *(.debug_abbrev)
 .debug_abbrev  0x0000000000000000      0xb1a /usr/lib/gcc/avr/5.4.0/../../../avr/lib/avr6/crtatmega2560.o

.debug_line     0x0000000000000000       0x1a
 *(.debug_line .debug_line.* .debug_line_end)
 .debug_line    0x0000000000000000       0x1a /usr/lib/gcc/avr/5.4.0/../../../avr/lib/avr6/crtatmega2560.o

.debug_frame
 *(.debug_frame)

.debug_str      0x0000000000000000      0x3e6
 *(.debug_str)
 .debug_str     0x0000000000000000      0x3e6 /usr/lib/gcc/avr/5.4.0/../../../avr/lib/avr6/crtatmega2560.o

.debug_loc
 *(.debug_loc)

.debug_macinfo
 *(.debug_macinfo)

.debug_weaknames
 *(.debug_weaknames)

.debug_funcnames
 *(.debug_funcnames)

.debug_typenames
 *(.debug_typenames)

.debug_varnames
 *(.debug_varnames)

.debug_pubtypes
 *(.debug_pubtypes)

.debug_ranges
 *(.debug_ranges)

.debug_macro
 *(.debug_macro)
OUTPUT(main.elf elf32-avr)
LOAD linker stubs

Cross Reference Table

Symbol                                            File
__FUSE_REGION_LENGTH__                            /usr/lib/gcc/avr/5.4.0/../../../avr/lib/avr6/crtatmega2560.o
__bad_interrupt                                   /usr/lib/gcc/avr/5.4.0/../../../avr/lib/avr6/crtatmega2560.o
__data_end                                        /usr/lib/gcc/avr/5.4.0/avr6/libgcc.a(_copy_data.o)
__data_load_start                                 /usr/lib/gcc/avr/5.4.0/avr6/libgcc.a(_copy_data.o)
__data_start                                      /usr/lib/gcc/avr/5.4.0/avr6/libgcc.a(_copy_data.o)
__do_copy_data                                    /usr/lib/gcc/avr/5.4.0/avr6/libgcc.a(_copy_data.o)
                                                  float.o
__ftoa_engine                                     /usr/lib/gcc/avr/5.4.0/../../../avr/lib/avr6/libc.a(ftoa_engine.o)
                                                  /usr/lib/gcc/avr/5.4.0/../../../avr/lib/avr6/libprintf_flt.a(vfprintf_flt.o)
__heap_end                                        /usr/lib/gcc/avr/5.4.0/../../../avr/lib/avr6/crtatmega2560.o
__init                                            /usr/lib/gcc/avr/5.4.0/../../../avr/lib/avr6/crtatmega2560.o
__stack                                           /usr/lib/gcc/avr/5.4.0/../../../avr/lib/avr6/crtatmega2560.o
__ultoa_invert                                    /usr/lib/gcc/avr/5.4.0/../../../avr/lib/avr6/libc.a(ultoa_invert.o)
                                                  /usr/lib/gcc/avr/5.4.0/../../../avr/lib/avr6/libprintf_flt.a(vfprintf_flt.o)
__vector_1                                        /usr/lib/gcc/avr/5.4.0/../../../avr/lib/avr6/crtatmega2560.o
__vector_10                                       /usr/lib/gcc/avr/5.4.0/../../../avr/lib/avr6/crtatmega2560.o
__vector_11                                       /usr/lib/gcc/avr/5.4.0/../../../avr/lib/avr6/crtatmega2560.o
__vector_12                                       /usr/lib/gcc/avr/5.4.0/../../../avr/lib/avr6/crtatmega2560.o
__vector_13                                       /usr/lib/gcc/avr/5.4.0/../../../avr/lib/avr6/crtatmega2560.o
__vector_14                                       /usr/lib/gcc/avr/5.4.0/../../../avr/lib/avr6/crtatmega2560.o
__vector_15                                       /usr/lib/gcc/avr/5.4.0/../../../avr/lib/avr6/crtatmega2560.o
__vector_16                                       /usr/lib/gcc/avr/5.4.0/../../../avr/lib/avr6/crtatmega2560.o
__vector_17                                       /usr/lib/gcc/avr/5.4.0/../../../avr/lib/avr6/crtatmega2560.o
__vector_18                                       /usr/lib/gcc/avr/5.4.0/../../../avr/lib/avr6/crtatmega2560.o
__vector_19                                       /usr/lib/gcc/avr/5.4.0/../../../avr/lib/avr6/crtatmega2560.o
__vector_2                                        /usr/lib/gcc/avr/5.4.0/../../../avr/lib/avr6/crtatmega2560.o
__vector_20                                       /usr/lib/gcc/avr/5.4.0/../../../avr/lib/avr6/crtatmega2560.o
__vector_21                                       /usr/lib/gcc/avr/5.4.0/../../../avr/lib/avr6/crtatmega2560.o
__vector_22                                       /usr/lib/gcc/avr/5.4.0/../../../avr/lib/avr6/crtatmega2560.o
__vector_23                                       /usr/lib/gcc/avr/5.4.0/../../../avr/lib/avr6/crtatmega2560.o
__vector_24                                       /usr/lib/gcc/avr/5.4.0/../../../avr/lib/avr6/crtatmega2560.o
__vector_25                                       /usr/lib/gcc/avr/5.4.0/../../../avr/lib/avr6/crtatmega2560.o
__vector_26                                       /usr/lib/gcc/avr/5.4.0/../../../avr/lib/avr6/crtatmega2560.o
__vector_27                                       /usr/lib/gcc/avr/5.4.0/../../../avr/lib/avr6/crtatmega2560.o
__vector_28                                       /usr/lib/gcc/avr/5.4.0/../../../avr/lib/avr6/crtatmega2560.o
__vector_29                                       /usr/lib/gcc/avr/5.4.0/../../../avr/lib/avr6/crtatmega2560.o
__vector_3                                        /usr/lib/gcc/avr/5.4.0/../../../avr/lib/avr6/crtatmega2560.o
__vector_30                                       /usr/lib/gcc/avr/5.4.0/../../../avr/lib/avr6/crtatmega2560.o
__vector_31                                       /usr/lib/gcc/avr/5.4.0/../../../avr/lib/avr6/crtatmega2560.o
__vector_32                                       /usr/lib/gcc/avr/5.4.0/../../../avr/lib/avr6/crtatmega2560.o
__vector_33                                       /usr/lib/gcc/avr/5.4.0/../../../avr/lib/avr6/crtatmega2560.o
__vector_34                                       /usr/lib/gcc/avr/5.4.0/../../../avr/lib/avr6/crtatmega2560.o
__vector_35                                       /usr/lib/gcc/avr/5.4.0/../../../avr/lib/avr6/crtatmega2560.o
__vector_36                                       /usr/lib/gcc/avr/5.4.0/../../../avr/lib/avr6/crtatmega2560.o
__vector_37                                       /usr/lib/gcc/avr/5.4.0/../../../avr/lib/avr6/crtatmega2560.o
__vector_38                                       /usr/lib/gcc/avr/5.4.0/../../../avr/lib/avr6/crtatmega2560.o
__vector_39                                       /usr/lib/gcc/avr/5.4.0/../../../avr/lib/avr6/crtatmega2560.o
__vector_4                                        /usr/lib/gcc/avr/5.4.0/../../../avr/lib/avr6/crtatmega2560.o
__vector_40                                       /usr/lib/gcc/avr/5.4.0/../../../avr/lib/avr6/crtatmega2560.o
__vector_41                                       /usr/lib/gcc/avr/5.4.0/../../../avr/lib/avr6/crtatmega2560.o
__vector_42                                       /usr/lib/gcc/avr/5.4.0/../../../avr/lib/avr6/crtatmega2560.o
__vector_43                                       /usr/lib/gcc/avr/5.4.0/../../../avr/lib/avr6/crtatmega2560.o
__vector_44                                       /usr/lib/gcc/avr/5.4.0/../../../avr/lib/avr6/crtatmega2560.o
__vector_45                                       /usr/lib/gcc/avr/5.4.0/../../../avr/lib/avr6/crtatmega2560.o
__vector_46                                       /usr/lib/gcc/avr/5.4.0/../../../avr/lib/avr6/crtatmega2560.o
__vector_47                                       /usr/lib/gcc/avr/5.4.0/../../../avr/lib/avr6/crtatmega2560.o
__vector_48                                       /usr/lib/gcc/avr/5.4.0/../../../avr/lib/avr6/crtatmega2560.o
__vector_49                                       /usr/lib/gcc/avr/5.4.0/../../../avr/lib/avr6/crtatmega2560.o
__vector_5                                        /usr/lib/gcc/avr/5.4.0/../../../avr/lib/avr6/crtatmega2560.o
__vector_50                                       /usr/lib/gcc/avr/5.4.0/../../../avr/lib/avr6/crtatmega2560.o
__vector_51                                       /usr/lib/gcc/avr/5.4.0/../../../avr/lib/avr6/crtatmega2560.o
__vector_52                                       /usr/lib/gcc/avr/5.4.0/../../../avr/lib/avr6/crtatmega2560.o
__vector_53                                       /usr/lib/gcc/avr/5.4.0/../../../avr/lib/avr6/crtatmega2560.o
__vector_54                                       /usr/lib/gcc/avr/5.4.0/../../../avr/lib/avr6/crtatmega2560.o
__vector_55                                       /usr/lib/gcc/avr/5.4.0/../../../avr/lib/avr6/crtatmega2560.o
__vector_56                                       /usr/lib/gcc/avr/5.4.0/../../../avr/lib/avr6/crtatmega2560.o
__vector_6                                        /usr/lib/gcc/avr/5.4.0/../../../avr/lib/avr6/crtatmega2560.o
__vector_7                                        /usr/lib/gcc/avr/5.4.0/../../../avr/lib/avr6/crtatmega2560.o
__vector_8                                        /usr/lib/gcc/avr/5.4.0/../../../avr/lib/avr6/crtatmega2560.o
__vector_9                                        /usr/lib/gcc/avr/5.4.0/../../../avr/lib/avr6/crtatmega2560.o
__vector_default                                  /usr/lib/gcc/avr/5.4.0/../../../avr/lib/avr6/crtatmega2560.o
__vectors                                         /usr/lib/gcc/avr/5.4.0/../../../avr/lib/avr6/crtatmega2560.o
_exit                                             /usr/lib/gcc/avr/5.4.0/avr6/libgcc.a(_exit.o)
exit                                              /usr/lib/gcc/avr/5.4.0/avr6/libgcc.a(_exit.o)
                                                  /usr/lib/gcc/avr/5.4.0/../../../avr/lib/avr6/crtatmega2560.o
fputc                                             /usr/lib/gcc/avr/5.4.0/../../../avr/lib/avr6/libc.a(fputc.o)
                                                  /usr/lib/gcc/avr/5.4.0/../../../avr/lib/avr6/libprintf_flt.a(vfprintf_flt.o)
main                                              float.o
                                                  /usr/lib/gcc/avr/5.4.0/../../../avr/lib/avr6/crtatmega2560.o
sprintf                                           /usr/lib/gcc/avr/5.4.0/../../../avr/lib/avr6/libc.a(sprintf.o)
                                                  float.o
strnlen                                           /usr/lib/gcc/avr/5.4.0/../../../avr/lib/avr6/libc.a(strnlen.o)
                                                  /usr/lib/gcc/avr/5.4.0/../../../avr/lib/avr6/libprintf_flt.a(vfprintf_flt.o)
strnlen_P                                         /usr/lib/gcc/avr/5.4.0/../../../avr/lib/avr6/libc.a(strnlen_P.o)
                                                  /usr/lib/gcc/avr/5.4.0/../../../avr/lib/avr6/libprintf_flt.a(vfprintf_flt.o)
uart_write_char                                   float.o
uart_write_str                                    float.o
vfprintf                                          /usr/lib/gcc/avr/5.4.0/../../../avr/lib/avr6/libprintf_flt.a(vfprintf_flt.o)
                                                  /usr/lib/gcc/avr/5.4.0/../../../avr/lib/avr6/libc.a(sprintf.o)
